// Vitest Snapshot v1, https://vitest.dev/guide/snapshot.html

exports[`public API > pins every JavaScript export by supported subpath 1`] = `
{
  "adapters": [
    "CookieTokenAdapter",
    "D1MagicLinkAdapter",
    "D1MfaAdapter",
    "D1SessionAdapter",
    "D1TokenAdapter",
    "D1UserAdapter",
    "D1VerificationTokenAdapter",
    "D1WebAuthnAdapter",
    "DrizzleMagicLinkAdapter",
    "DrizzleSessionAdapter",
    "DrizzleTokenAdapter",
    "DrizzleUserAdapter",
    "DrizzleVerificationTokenAdapter",
    "DrizzleWebAuthnAdapter",
    "MagicLinkAdapter",
    "MfaAdapter",
    "SessionAdapter",
    "TokenAdapter",
    "UserAdapter",
    "VerificationTokenAdapter",
    "WebAuthnAdapter",
    "assertPublicUserData",
    "createAesGcmMfaSecretCodec",
    "createAesGcmOAuthTokenCodec",
    "drizzleAdapter",
    "omitSensitiveUserData",
  ],
  "client": [
    "createAuthClient",
  ],
  "database": [
    "D1UserAdapter",
    "DrizzleUserAdapter",
    "UserAdapter",
    "assertPublicUserData",
    "omitSensitiveUserData",
  ],
  "drizzle": [
    "drizzleAdapter",
  ],
  "errors": [
    "AuthAdapterCapabilityError",
    "AuthPrincipalResolutionError",
  ],
  "handlers": [
    "beginMfaLoginChallenge",
    "createCallbackHandler",
    "createLoginHandler",
    "createLogoutAction",
    "createLogoutHandler",
    "createMagicLinkRequestHandler",
    "createMagicLinkVerifyHandler",
    "createMfaBackupCodeHandler",
    "createMfaDisableHandler",
    "createMfaEnrollHandler",
    "createMfaLoginVerifyHandler",
    "createMfaStatusHandler",
    "createMfaStepUpHandler",
    "createMfaVerifyHandler",
    "createPasswordResetConfirmHandler",
    "createPasswordResetRequestHandler",
    "createSessionListHandler",
    "createSessionRevokeHandler",
    "createSigninHandler",
    "createSignupHandler",
    "createWebAuthnListCredentialsHandler",
    "createWebAuthnLoginOptionsHandler",
    "createWebAuthnLoginVerifyHandler",
    "createWebAuthnRegisterOptionsHandler",
    "createWebAuthnRegisterVerifyHandler",
    "createWebAuthnRemoveCredentialHandler",
    "createWebAuthnStepUpOptionsHandler",
    "createWebAuthnStepUpVerifyHandler",
  ],
  "loginContext": [
    "createCookieLoginContext",
    "isSafeRedirectPath",
    "normalizeSafeRedirectPath",
  ],
  "magicLink": [
    "D1MagicLinkAdapter",
    "DrizzleMagicLinkAdapter",
    "MagicLinkAdapter",
  ],
  "memory": [
    "MemoryMagicLinkAdapter",
    "MemoryMfaAdapter",
    "MemorySessionAdapter",
    "MemoryUserAdapter",
    "MemoryWebAuthnAdapter",
    "MockSessionAdapter",
    "MockTokenAdapter",
    "MockUserAdapter",
    "createMemoryAuthAdapters",
  ],
  "mfa": [
    "createOtpAuthURL",
    "generateBackupCodes",
    "generateSecret",
    "generateTOTP",
    "hashBackupCodes",
    "verifyBackupCode",
    "verifyTOTP",
  ],
  "mfaAdapter": [
    "D1MfaAdapter",
    "MfaAdapter",
    "createAesGcmMfaSecretCodec",
  ],
  "node": [
    "NodeCookies",
    "createNodeAuthEvent",
    "readRequestBody",
    "sendFetchResponse",
  ],
  "oauthToken": [
    "CookieTokenAdapter",
    "D1TokenAdapter",
    "DrizzleTokenAdapter",
    "KVTokenAdapter",
    "TokenAdapter",
    "createAesGcmOAuthTokenCodec",
  ],
  "password": [
    "MAX_PASSWORD_LENGTH",
    "createPasswordMigrationVerifier",
    "hashPassword",
    "validatePasswordStrength",
    "verifyPassword",
  ],
  "pg": [
    "PgMagicLinkAdapter",
    "PgMfaAdapter",
    "PgSessionAdapter",
    "PgUserAdapter",
    "PgVerificationTokenAdapter",
    "PgWebAuthnAdapter",
    "createPgAuthAdapters",
    "pgAuthSchemaSql",
  ],
  "providers": [
    "AppleProvider",
    "CredentialsProvider",
    "GoogleProvider",
    "OAuthProvider",
  ],
  "qr": [
    "renderQrCodeSvg",
  ],
  "root": [
    "AuthAdapterCapabilityError",
    "AuthPrincipalResolutionError",
    "GoobitsAuth",
    "createCookieLoginContext",
  ],
  "security": [
    "AUTH_RATE_LIMIT_WINDOWS",
    "applySecurityPolicy",
    "createAuthEvent",
    "createAuthEventAuditEmitter",
    "createAuthRateLimiter",
    "createLoginRateLimiter",
    "createPasswordResetRateLimiter",
    "createRegistrationRateLimiter",
    "createSecurityAlertObserver",
    "emitRequestAuthEvent",
    "getAuthRateLimitWindows",
    "hasRecentMfaVerification",
    "hasRecentPrimaryAuthentication",
    "requireAuthRole",
    "requireAuthenticated",
    "requireOwnership",
  ],
  "session": [
    "D1SessionAdapter",
    "DrizzleSessionAdapter",
    "KVSessionAdapter",
    "SessionAdapter",
    "createSessionToken",
    "hashSessionToken",
  ],
  "testing": [
    "MockSessionAdapter",
    "MockTokenAdapter",
    "MockUserAdapter",
  ],
  "types": [
    "VERIFICATION_TOKEN_TYPES",
  ],
  "verification": [
    "VERIFICATION_TOKEN_TYPES",
    "consumeVerificationToken",
    "consumeVerificationTokenRecord",
    "createVerificationToken",
    "getUserForVerificationToken",
    "getVerificationTokenRecord",
    "hashVerificationToken",
  ],
  "verificationToken": [
    "D1VerificationTokenAdapter",
    "DrizzleVerificationTokenAdapter",
    "VerificationTokenAdapter",
  ],
  "webauthnAdapter": [
    "D1WebAuthnAdapter",
    "DrizzleWebAuthnAdapter",
    "WebAuthnAdapter",
  ],
}
`;
